// Jest Snapshot v1, https://goo.gl/fbAQLP

exports[`Loading screen renders correctly 1`] = `
Array [
  <div
    className="header-container"
  >
    <p
      className="header"
    >
      Hacker News
    </p>
  </div>,
  <h1
    className="load"
  >
    Data loading...
  </h1>,
]
`;
